exports[`SearchForm renders default form correctly 1`] = `
<form
  onSubmit={[Function]}>
  <div
    className="row">
    <div
      className="col-sm-12">
      <div
        className="form-group"
        onBlur={[Function]}
        onFocus={[Function]}>
        <label
          className="control-label"
          htmlFor="gene">
          Search By Gene ID e.g. GRMZM2G055768
        </label>
        <input
          className="form-control"
          name="gene"
          onBlur={[Function]}
          onChange={[Function]}
          onDragStart={[Function]}
          onDrop={[Function]}
          onFocus={[Function]}
          type="text"
          value="" />
        <span />
      </div>
    </div>
  </div>
  <div
    className="row">
    <div
      className="col-sm-12">
      <div
        className="form-group"
        onBlur={[Function]}
        onFocus={[Function]}>
        <label
          className="control-label"
          htmlFor="keyword">
          Search By Keyword e.g. \'ppr\' or by InterproID e.g. IPR001117
        </label>
        <input
          className="form-control"
          name="keyword"
          onBlur={[Function]}
          onChange={[Function]}
          onDragStart={[Function]}
          onDrop={[Function]}
          onFocus={[Function]}
          type="text"
          value="" />
        <span />
      </div>
    </div>
  </div>
  <div
    className="row">
    <div
      className="col-sm-12">
      <div
        className="form-group"
        onBlur={[Function]}
        onFocus={[Function]}>
        <label
          className="control-label"
          htmlFor="pog">
          Search By POG ID i.e. 5562
        </label>
        <input
          className="form-control"
          name="pog"
          onBlur={[Function]}
          onChange={[Function]}
          onDragStart={[Function]}
          onDrop={[Function]}
          onFocus={[Function]}
          type="text"
          value="" />
        <span />
      </div>
    </div>
  </div>
  <div
    className="row">
    <div
      className="col-sm-12">
      <button
        className="btn btn-primary btn-raised"
        disabled={false}
        type="submit">
        Submit
      </button>
    </div>
  </div>
</form>
`;
